  0 SNES Function norm 4.888635593992e-01 
  1 SNES Function norm 3.529815872906e-01 
  2 SNES Function norm 1.795666562179e-01 
  3 SNES Function norm 1.302982064238e-01 
  4 SNES Function norm 1.182015558277e-01 
  5 SNES Function norm 1.156940848047e-01 
  6 SNES Function norm 1.156940848047e-01 
Nonlinear solve did not converge due to DIVERGED_INNER iterations 5
 Norm of search step   0.20135894875746302     
 Norm of search step   0.40271789751492587     
 Norm of search step   0.53019486987418118     
 Norm of search step   0.60407684627238878     
 Norm of search step   0.18122305388171656     
 Norm of search step   0.13591729041128747     
 Norm of search step    4.0775187123386195E-002
 Norm of search step    8.1550374246772389E-002
 Norm of search step    2.4465112274031760E-002
 Norm of search step    7.3395336822094292E-003
 Norm of search step    2.2018601046628881E-003
 Norm of search step    6.6055803139883958E-004
 Norm of search step    1.9816740941952209E-004
 Norm of search step    5.9450222825842299E-005
 Norm of search step    1.7835066847838162E-005
 Norm of search step    5.3505200543601779E-006
 Norm of search step    1.6051560163111798E-006
 Norm of search step    4.8154680491394010E-007
 Norm of search step    1.4446404142428003E-007
 Norm of search step    4.3339212412950925E-008
 Norm of search step    1.3001763718281994E-008
Number of SNES iterations = 5
